  0% (0 of 984) |                        | Elapsed Time: 0:00:00 ETA:  --:--:--
 10% (100 of 984) |##                    | Elapsed Time: 0:00:01 ETA:   0:00:25
 20% (200 of 984) |####                  | Elapsed Time: 0:00:02 ETA:   0:00:16
 30% (300 of 984) |######                | Elapsed Time: 0:00:03 ETA:   0:00:12
 40% (400 of 984) |########              | Elapsed Time: 0:00:05 ETA:   0:00:09
 50% (500 of 984) |###########           | Elapsed Time: 0:00:06 ETA:   0:00:07
 60% (600 of 984) |#############         | Elapsed Time: 0:00:07 ETA:   0:00:06
 71% (700 of 984) |###############       | Elapsed Time: 0:00:09 ETA:   0:00:04
 81% (800 of 984) |#################     | Elapsed Time: 0:00:10 ETA:   0:00:02
 91% (900 of 984) |####################  | Elapsed Time: 0:00:12 ETA:   0:00:01
100% (984 of 984) |######################| Elapsed Time: 0:00:13 Time:  0:00:13
  0% (0 of 19537) |                      | Elapsed Time: 0:00:00 ETA:  --:--:--
  5% (1000 of 19537) |                   | Elapsed Time: 0:00:09 ETA:   0:05:46
 10% (2000 of 19537) |#                  | Elapsed Time: 0:00:18 ETA:   0:04:19
 15% (3000 of 19537) |##                 | Elapsed Time: 0:00:27 ETA:   0:03:36
 20% (4000 of 19537) |###                | Elapsed Time: 0:00:37 ETA:   0:03:08
 25% (5000 of 19537) |####               | Elapsed Time: 0:00:46 ETA:   0:02:48
 30% (6000 of 19537) |#####              | Elapsed Time: 0:00:55 ETA:   0:02:30
 35% (7000 of 19537) |######             | Elapsed Time: 0:01:05 ETA:   0:02:16
 40% (8000 of 19537) |#######            | Elapsed Time: 0:01:14 ETA:   0:02:02
 46% (9000 of 19537) |########           | Elapsed Time: 0:01:23 ETA:   0:01:50
 51% (10000 of 19537) |#########         | Elapsed Time: 0:01:32 ETA:   0:01:38
 56% (11000 of 19537) |##########        | Elapsed Time: 0:01:42 ETA:   0:01:27
 61% (12000 of 19537) |###########       | Elapsed Time: 0:01:51 ETA:   0:01:16
 66% (13000 of 19537) |###########       | Elapsed Time: 0:02:00 ETA:   0:01:05
 71% (14000 of 19537) |############      | Elapsed Time: 0:02:10 ETA:   0:00:55
 76% (15000 of 19537) |#############     | Elapsed Time: 0:02:19 ETA:   0:00:45
 81% (16000 of 19537) |##############    | Elapsed Time: 0:02:29 ETA:   0:00:35
 87% (17000 of 19537) |###############   | Elapsed Time: 0:02:38 ETA:   0:00:25
 92% (18000 of 19537) |################  | Elapsed Time: 0:02:47 ETA:   0:00:15
 97% (19000 of 19537) |################# | Elapsed Time: 0:02:57 ETA:   0:00:05
100% (19537 of 19537) |##################| Elapsed Time: 0:03:02 Time:  0:03:02
